Release 14.7 - xst P.20131013 (lin64)
Copyright (c) 1995-2013 Xilinx, Inc.  All rights reserved.
--> 
Parameter TMPDIR set to xst/projnav.tmp


Total REAL time to Xst completion: 0.00 secs
Total CPU time to Xst completion: 0.06 secs
 
--> 
Parameter xsthdpdir set to xst


Total REAL time to Xst completion: 0.00 secs
Total CPU time to Xst completion: 0.06 secs
 
--> 
Reading design: mojo_top.prj

TABLE OF CONTENTS
  1) Synthesis Options Summary
  2) HDL Parsing
  3) HDL Elaboration
  4) HDL Synthesis
       4.1) HDL Synthesis Report
  5) Advanced HDL Synthesis
       5.1) Advanced HDL Synthesis Report
  6) Low Level Synthesis
  7) Partition Report
  8) Design Summary
       8.1) Primitive and Black Box Usage
       8.2) Device utilization summary
       8.3) Partition Resource Summary
       8.4) Timing Report
            8.4.1) Clock Information
            8.4.2) Asynchronous Control Signals Information
            8.4.3) Timing Summary
            8.4.4) Timing Details
            8.4.5) Cross Clock Domains Report


=========================================================================
*                      Synthesis Options Summary                        *
=========================================================================
---- Source Parameters
Input File Name                    : "mojo_top.prj"
Ignore Synthesis Constraint File   : NO

---- Target Parameters
Output File Name                   : "mojo_top"
Output Format                      : NGC
Target Device                      : xc6slx9-2-tqg144

---- Source Options
Top Module Name                    : mojo_top
Automatic FSM Extraction           : YES
FSM Encoding Algorithm             : Auto
Safe Implementation                : No
FSM Style                          : LUT
RAM Extraction                     : Yes
RAM Style                          : Auto
ROM Extraction                     : Yes
Shift Register Extraction          : YES
ROM Style                          : Auto
Resource Sharing                   : YES
Asynchronous To Synchronous        : NO
Shift Register Minimum Size        : 2
Use DSP Block                      : Auto
Automatic Register Balancing       : No

---- Target Options
LUT Combining                      : Auto
Reduce Control Sets                : Auto
Add IO Buffers                     : YES
Global Maximum Fanout              : 100000
Add Generic Clock Buffer(BUFG)     : 16
Register Duplication               : YES
Optimize Instantiated Primitives   : NO
Use Clock Enable                   : Auto
Use Synchronous Set                : Auto
Use Synchronous Reset              : Auto
Pack IO Registers into IOBs        : Auto
Equivalent register Removal        : YES

---- General Options
Optimization Goal                  : Speed
Optimization Effort                : 1
Power Reduction                    : NO
Keep Hierarchy                     : No
Netlist Hierarchy                  : As_Optimized
RTL Output                         : Yes
Global Optimization                : AllClockNets
Read Cores                         : YES
Write Timing Constraints           : NO
Cross Clock Analysis               : NO
Hierarchy Separator                : /
Bus Delimiter                      : <>
Case Specifier                     : Maintain
Slice Utilization Ratio            : 100
BRAM Utilization Ratio             : 100
DSP48 Utilization Ratio            : 100
Auto BRAM Packing                  : NO
Slice Utilization Ratio Delta      : 5

=========================================================================


=========================================================================
*                          HDL Parsing                                  *
=========================================================================
Parsing VHDL file "/home/letrend/workspace/darkroom/src/spi_slave.vhd" into library work
Parsing entity <spi_slave>.
Parsing architecture <RTL> of entity <spi_slave>.
Parsing VHDL file "/home/letrend/workspace/darkroom/src/serial_tx.vhd" into library work
Parsing entity <serial_tx>.
Parsing architecture <RTL> of entity <serial_tx>.
Parsing VHDL file "/home/letrend/workspace/darkroom/src/serial_rx.vhd" into library work
Parsing entity <serial_rx>.
Parsing architecture <RTL> of entity <serial_rx>.
Parsing VHDL file "/home/letrend/workspace/darkroom/src/cclk_detector.vhd" into library work
Parsing entity <cclk_detector>.
Parsing architecture <RTL> of entity <cclk_detector>.
Parsing VHDL file "/home/letrend/workspace/darkroom/src/lighthouse.vhd" into library work
Parsing entity <lighthouse>.
Parsing architecture <Behavioral> of entity <lighthouse>.
Parsing VHDL file "/home/letrend/workspace/darkroom/src/counter.vhd" into library work
Parsing entity <counter>.
Parsing architecture <Behavioral> of entity <counter>.
Parsing VHDL file "/home/letrend/workspace/darkroom/src/avr_interface.vhd" into library work
Parsing entity <avr_interface>.
Parsing architecture <RTL> of entity <avr_interface>.
Parsing VHDL file "/home/letrend/workspace/darkroom/ise_files/uart.vhd" into library work
Parsing entity <RS232>.
Parsing architecture <Behavioral> of entity <rs232>.
Parsing VHDL file "/home/letrend/workspace/darkroom/ise_files/clk10MHz.vhd" into library work
Parsing entity <clk10MHz>.
Parsing architecture <xilinx> of entity <clk10mhz>.
Parsing VHDL file "/home/letrend/workspace/darkroom/src/mojo_top.vhd" into library work
Parsing entity <mojo_top>.
Parsing architecture <RTL> of entity <mojo_top>.

=========================================================================
*                            HDL Elaboration                            *
=========================================================================

Elaborating entity <mojo_top> (architecture <RTL>) from library <work>.

Elaborating entity <avr_interface> (architecture <RTL>) from library <work>.

Elaborating entity <cclk_detector> (architecture <RTL>) from library <work>.

Elaborating entity <spi_slave> (architecture <RTL>) from library <work>.

Elaborating entity <serial_rx> (architecture <RTL>) with generics from library <work>.
INFO:HDLCompiler:679 - "/home/letrend/workspace/darkroom/src/serial_rx.vhd" Line 80. Case statement is complete. others clause is never selected

Elaborating entity <serial_tx> (architecture <RTL>) with generics from library <work>.
INFO:HDLCompiler:679 - "/home/letrend/workspace/darkroom/src/serial_tx.vhd" Line 96. Case statement is complete. others clause is never selected

Elaborating entity <clk10MHz> (architecture <xilinx>) from library <work>.

Elaborating entity <counter> (architecture <Behavioral>) with generics from library <work>.

Elaborating entity <lighthouse> (architecture <Behavioral>) with generics from library <work>.
WARNING:HDLCompiler:634 - "/home/letrend/workspace/darkroom/src/lighthouse.vhd" Line 26: Net <temp_sensor_value[11]> does not have a driver.

Elaborating entity <RS232> (architecture <Behavioral>) with generics from library <work>.
WARNING:HDLCompiler:634 - "/home/letrend/workspace/darkroom/src/mojo_top.vhd" Line 33: Net <channel[3]> does not have a driver.
WARNING:HDLCompiler:634 - "/home/letrend/workspace/darkroom/src/mojo_top.vhd" Line 37: Net <tx_data[7]> does not have a driver.
WARNING:HDLCompiler:634 - "/home/letrend/workspace/darkroom/src/mojo_top.vhd" Line 39: Net <new_tx_data> does not have a driver.

=========================================================================
*                           HDL Synthesis                               *
=========================================================================

Synthesizing Unit <mojo_top>.
    Related source file is "/home/letrend/workspace/darkroom/src/mojo_top.vhd".
INFO:Xst:3210 - "/home/letrend/workspace/darkroom/src/mojo_top.vhd" line 79: Output port <sample> of the instance <avr_interface> is unconnected or connected to loadless signal.
INFO:Xst:3210 - "/home/letrend/workspace/darkroom/src/mojo_top.vhd" line 79: Output port <sample_channel> of the instance <avr_interface> is unconnected or connected to loadless signal.
INFO:Xst:3210 - "/home/letrend/workspace/darkroom/src/mojo_top.vhd" line 79: Output port <rx_data> of the instance <avr_interface> is unconnected or connected to loadless signal.
INFO:Xst:3210 - "/home/letrend/workspace/darkroom/src/mojo_top.vhd" line 79: Output port <new_sample> of the instance <avr_interface> is unconnected or connected to loadless signal.
INFO:Xst:3210 - "/home/letrend/workspace/darkroom/src/mojo_top.vhd" line 79: Output port <tx_busy> of the instance <avr_interface> is unconnected or connected to loadless signal.
INFO:Xst:3210 - "/home/letrend/workspace/darkroom/src/mojo_top.vhd" line 79: Output port <new_rx_data> of the instance <avr_interface> is unconnected or connected to loadless signal.
INFO:Xst:3210 - "/home/letrend/workspace/darkroom/src/mojo_top.vhd" line 135: Output port <RX_Data> of the instance <uart> is unconnected or connected to loadless signal.
INFO:Xst:3210 - "/home/letrend/workspace/darkroom/src/mojo_top.vhd" line 135: Output port <RX_Busy> of the instance <uart> is unconnected or connected to loadless signal.
WARNING:Xst:653 - Signal <channel> is used but never assigned. This sourceless signal will be automatically connected to value GND.
WARNING:Xst:653 - Signal <tx_data> is used but never assigned. This sourceless signal will be automatically connected to value GND.
WARNING:Xst:653 - Signal <new_tx_data> is used but never assigned. This sourceless signal will be automatically connected to value GND.
    Found 8-bit register for signal <tx_uart_data>.
    Found 3-bit register for signal <uart_counter>.
    Found 1-bit register for signal <esp_newData>.
    Found 32-bit register for signal <temp>.
    Found 8-bit register for signal <led>.
    Found 1-bit register for signal <tx_uart_newData>.
    Found 3-bit adder for signal <uart_counter[2]_GND_6_o_add_2_OUT> created at line 161.
    Found 8-bit 5-to-1 multiplexer for signal <uart_counter[2]_PWR_6_o_wide_mux_1_OUT> created at line 153.
    Found 3-bit comparator greater for signal <uart_counter[2]_PWR_6_o_LessThan_1_o> created at line 152
    Summary:
	inferred   1 Adder/Subtractor(s).
	inferred  53 D-type flip-flop(s).
	inferred   1 Comparator(s).
	inferred   1 Multiplexer(s).
Unit <mojo_top> synthesized.

Synthesizing Unit <avr_interface>.
    Related source file is "/home/letrend/workspace/darkroom/src/avr_interface.vhd".
    Found 10-bit register for signal <sample_q>.
    Found 1-bit register for signal <new_sample_q>.
    Found 1-bit register for signal <byte_ct_q>.
    Found 4-bit register for signal <sample_channel_q>.
    Found 1-bit tristate buffer for signal <spi_miso> created at line 125
    Found 1-bit tristate buffer for signal <spi_channel<3>> created at line 125
    Found 1-bit tristate buffer for signal <spi_channel<2>> created at line 125
    Found 1-bit tristate buffer for signal <spi_channel<1>> created at line 125
    Found 1-bit tristate buffer for signal <spi_channel<0>> created at line 125
    Found 1-bit tristate buffer for signal <tx> created at line 125
    Summary:
	inferred  16 D-type flip-flop(s).
	inferred   2 Multiplexer(s).
	inferred   6 Tristate(s).
Unit <avr_interface> synthesized.

Synthesizing Unit <cclk_detector>.
    Related source file is "/home/letrend/workspace/darkroom/src/cclk_detector.vhd".
    Found 9-bit register for signal <ctr_q>.
    Found 1-bit register for signal <ready_q>.
    Found 9-bit adder for signal <ctr_q[8]_GND_8_o_add_1_OUT> created at line 1241.
    Summary:
	inferred   1 Adder/Subtractor(s).
	inferred  10 D-type flip-flop(s).
	inferred   2 Multiplexer(s).
Unit <cclk_detector> synthesized.

Synthesizing Unit <spi_slave>.
    Related source file is "/home/letrend/workspace/darkroom/src/spi_slave.vhd".
    Found 1-bit register for signal <miso_q>.
    Found 3-bit register for signal <bit_ct_q>.
    Found 8-bit register for signal <dout_q>.
    Found 1-bit register for signal <done_q>.
    Found 1-bit register for signal <sck_q>.
    Found 1-bit register for signal <mosi_q>.
    Found 1-bit register for signal <ss_q>.
    Found 8-bit register for signal <data_q>.
    Found 1-bit register for signal <sck_old_q>.
    Found 3-bit adder for signal <bit_ct_q[2]_GND_9_o_add_1_OUT> created at line 1241.
    Summary:
	inferred   1 Adder/Subtractor(s).
	inferred  25 D-type flip-flop(s).
	inferred   4 Multiplexer(s).
Unit <spi_slave> synthesized.

Synthesizing Unit <serial_rx>.
    Related source file is "/home/letrend/workspace/darkroom/src/serial_rx.vhd".
        CLK_PER_BIT = 100
        CTR_SIZE = 7
    Found 3-bit register for signal <bit_ctr_q>.
    Found 2-bit register for signal <state_q>.
    Found 7-bit register for signal <ctr_q>.
    Found 1-bit register for signal <new_data_q>.
    Found 1-bit register for signal <rx_q>.
    Found 8-bit register for signal <data_q>.
    Found finite state machine <FSM_0> for signal <state_q>.
    -----------------------------------------------------------------------
    | States             | 4                                              |
    | Transitions        | 9                                              |
    | Inputs             | 4                                              |
    | Outputs            | 2                                              |
    | Clock              | clk (rising_edge)                              |
    | Reset              | rst (positive)                                 |
    | Reset type         | asynchronous                                   |
    | Reset State        | idle                                           |
    | Power Up State     | idle                                           |
    | Encoding           | auto                                           |
    | Implementation     | LUT                                            |
    -----------------------------------------------------------------------
    Found 7-bit adder for signal <ctr_q[6]_GND_11_o_add_6_OUT> created at line 1241.
    Found 3-bit adder for signal <bit_ctr_q[2]_GND_11_o_add_8_OUT> created at line 1241.
    Summary:
	inferred   2 Adder/Subtractor(s).
	inferred  20 D-type flip-flop(s).
	inferred   7 Multiplexer(s).
	inferred   1 Finite State Machine(s).
Unit <serial_rx> synthesized.

Synthesizing Unit <serial_tx>.
    Related source file is "/home/letrend/workspace/darkroom/src/serial_tx.vhd".
        CLK_PER_BIT = 100
        CTR_SIZE = 7
    Found 2-bit register for signal <state_q>.
    Found 1-bit register for signal <tx_q>.
    Found 1-bit register for signal <block_q>.
    Found 8-bit register for signal <data_q>.
    Found 3-bit register for signal <bit_ctr_q>.
    Found 7-bit register for signal <ctr_q>.
    Summary:
	inferred   1 D-type flip-flop(s).
Unit <serial_tx> synthesized.

Synthesizing Unit <clk10MHz>.
    Related source file is "/home/letrend/workspace/darkroom/ise_files/clk10MHz.vhd".
    Summary:
	no macro.
Unit <clk10MHz> synthesized.

Synthesizing Unit <counter>.
    Related source file is "/home/letrend/workspace/darkroom/src/counter.vhd".
        counter_width = 32
    Found 32-bit register for signal <temp>.
    Found 32-bit adder for signal <temp[31]_GND_26_o_add_0_OUT> created at line 19.
    Summary:
	inferred   1 Adder/Subtractor(s).
	inferred  32 D-type flip-flop(s).
Unit <counter> synthesized.

Synthesizing Unit <lighthouse>.
    Related source file is "/home/letrend/workspace/darkroom/src/lighthouse.vhd".
        sensorID = "000000000"
WARNING:Xst:653 - Signal <temp_sensor_value<11>> is used but never assigned. This sourceless signal will be automatically connected to value GND.
    Found 1-bit register for signal <temp_sweep_detected>.
    Found 32-bit register for signal <t_0>.
    Found 32-bit register for signal <t_sweep_duration>.
    Found 1-bit register for signal <temp_sensor_value<31>>.
    Found 1-bit register for signal <temp_sensor_value<30>>.
    Found 1-bit register for signal <temp_sensor_value<29>>.
    Found 1-bit register for signal <temp_sensor_value<28>>.
    Found 1-bit register for signal <temp_sensor_value<27>>.
    Found 1-bit register for signal <temp_sensor_value<26>>.
    Found 1-bit register for signal <temp_sensor_value<25>>.
    Found 1-bit register for signal <temp_sensor_value<24>>.
    Found 1-bit register for signal <temp_sensor_value<23>>.
    Found 1-bit register for signal <temp_sensor_value<22>>.
    Found 1-bit register for signal <temp_sensor_value<21>>.
    Found 1-bit register for signal <temp_sensor_value<20>>.
    Found 1-bit register for signal <temp_sensor_value<19>>.
    Found 1-bit register for signal <temp_sensor_value<18>>.
    Found 1-bit register for signal <temp_sensor_value<17>>.
    Found 1-bit register for signal <temp_sensor_value<16>>.
    Found 1-bit register for signal <temp_sensor_value<15>>.
    Found 1-bit register for signal <temp_sensor_value<14>>.
    Found 1-bit register for signal <temp_sensor_value<13>>.
    Found 1-bit register for signal <temp_sensor_value<12>>.
    Found 1-bit register for signal <temp_sensor_value<10>>.
    Found 1-bit register for signal <temp_sensor_value<9>>.
    Found 1-bit register for signal <temp_sensor_value<8>>.
    Found 1-bit register for signal <temp_sensor_value<7>>.
    Found 1-bit register for signal <temp_sensor_value<6>>.
    Found 1-bit register for signal <temp_sensor_value<5>>.
    Found 1-bit register for signal <temp_sensor_value<4>>.
    Found 1-bit register for signal <temp_sensor_value<3>>.
    Found 1-bit register for signal <temp_sensor_value<2>>.
    Found 1-bit register for signal <temp_sensor_value<1>>.
    Found 1-bit register for signal <temp_sensor_value<0>>.
    Found 32-bit register for signal <t_sweep_start>.
    Found 32-bit register for signal <start_valid_sync>.
    Found 32-bit register for signal <sensor_value>.
    Found 1-bit register for signal <sweep_detected>.
    Found 1-bit register for signal <sensor_previous>.
    Found 33-bit subtractor for signal <n0304> created at line 43.
    Found 33-bit subtractor for signal <n0307> created at line 56.
    Found 32-bit adder for signal <GND_28_o_GND_28_o_add_11_OUT> created at line 210.
    Found 32-bit adder for signal <GND_28_o_GND_28_o_add_14_OUT> created at line 210.
    Found 32-bit adder for signal <GND_28_o_GND_28_o_add_17_OUT> created at line 210.
    Found 32-bit adder for signal <GND_28_o_GND_28_o_add_20_OUT> created at line 210.
    Found 32-bit subtractor for signal <t_0[31]_t_sweep_start[31]_sub_3_OUT<31:0>> created at line 45.
    Found 32-bit subtractor for signal <GND_28_o_GND_28_o_sub_6_OUT<31:0>> created at line 51.
    Found 32-bit subtractor for signal <GND_28_o_GND_28_o_sub_11_OUT<31:0>> created at line 61.
    Found 32-bit subtractor for signal <GND_28_o_GND_28_o_sub_14_OUT<31:0>> created at line 64.
    Found 32-bit subtractor for signal <GND_28_o_GND_28_o_sub_17_OUT<31:0>> created at line 67.
    Found 32-bit subtractor for signal <GND_28_o_GND_28_o_sub_20_OUT<31:0>> created at line 70.
    Found 32-bit comparator greater for signal <GND_28_o_GND_28_o_LessThan_2_o> created at line 44
    Found 32-bit comparator greater for signal <GND_28_o_GND_28_o_LessThan_4_o> created at line 48
    Found 32-bit comparator greater for signal <GND_28_o_GND_28_o_LessThan_5_o> created at line 48
    Found 32-bit comparator greater for signal <GND_28_o_GND_28_o_LessThan_8_o> created at line 53
    Found 32-bit comparator greater for signal <PWR_24_o_GND_28_o_LessThan_10_o> created at line 56
    Found 32-bit comparator greater for signal <GND_28_o_GND_28_o_LessThan_13_o> created at line 61
    Found 32-bit comparator greater for signal <GND_28_o_GND_28_o_LessThan_16_o> created at line 64
    Found 32-bit comparator greater for signal <GND_28_o_GND_28_o_LessThan_19_o> created at line 67
    Found 32-bit comparator lessequal for signal <GND_28_o_GND_28_o_LessThan_22_o> created at line 70
    Found 32-bit comparator greater for signal <GND_28_o_t_sweep_duration[31]_LessThan_28_o> created at line 76
    Found 32-bit comparator greater for signal <t_sweep_duration[31]_GND_28_o_LessThan_29_o> created at line 76
    Summary:
	inferred  12 Adder/Subtractor(s).
	inferred 194 D-type flip-flop(s).
	inferred  11 Comparator(s).
	inferred   2 Multiplexer(s).
Unit <lighthouse> synthesized.

Synthesizing Unit <RS232>.
    Related source file is "/home/letrend/workspace/darkroom/ise_files/uart.vhd".
        Quarz_Taktfrequenz = 50000000
        Baudrate = 250000
    Found 8-bit register for signal <txcnt>.
    Found 4-bit register for signal <txbitcnt>.
    Found 10-bit register for signal <txsr>.
    Found 4-bit register for signal <rxd_sr>.
    Found 8-bit register for signal <rxcnt>.
    Found 4-bit register for signal <rxbitcnt>.
    Found 8-bit register for signal <rxsr>.
    Found 1-bit register for signal <txstart>.
    Found 8-bit adder for signal <txcnt[7]_GND_29_o_add_1_OUT> created at line 42.
    Found 4-bit adder for signal <txbitcnt[3]_GND_29_o_add_3_OUT> created at line 46.
    Found 8-bit adder for signal <rxcnt[7]_GND_29_o_add_19_OUT> created at line 61.
    Found 4-bit adder for signal <rxbitcnt[3]_GND_29_o_add_20_OUT> created at line 64.
    Found 8-bit comparator greater for signal <txcnt[7]_PWR_26_o_LessThan_1_o> created at line 41
    Found 4-bit comparator greater for signal <txbitcnt[3]_PWR_26_o_LessThan_3_o> created at line 53
    Found 8-bit comparator greater for signal <rxcnt[7]_PWR_26_o_LessThan_19_o> created at line 60
    Found 4-bit comparator greater for signal <RX_Busy> created at line 75
    Summary:
	inferred   4 Adder/Subtractor(s).
	inferred  47 D-type flip-flop(s).
	inferred   4 Comparator(s).
	inferred   3 Multiplexer(s).
Unit <RS232> synthesized.

=========================================================================
HDL Synthesis Report

Macro Statistics
# Adders/Subtractors                                   : 23
 3-bit adder                                           : 3
 32-bit adder                                          : 6
 32-bit subtractor                                     : 6
 33-bit subtractor                                     : 2
 4-bit adder                                           : 2
 7-bit adder                                           : 1
 8-bit adder                                           : 2
 9-bit adder                                           : 1
# Registers                                            : 76
 1-bit register                                        : 49
 10-bit register                                       : 2
 3-bit register                                        : 3
 32-bit register                                       : 8
 4-bit register                                        : 4
 7-bit register                                        : 1
 8-bit register                                        : 8
 9-bit register                                        : 1
# Comparators                                          : 16
 3-bit comparator greater                              : 1
 32-bit comparator greater                             : 10
 32-bit comparator lessequal                           : 1
 4-bit comparator greater                              : 2
 8-bit comparator greater                              : 2
# Multiplexers                                         : 21
 1-bit 2-to-1 multiplexer                              : 7
 10-bit 2-to-1 multiplexer                             : 2
 3-bit 2-to-1 multiplexer                              : 2
 32-bit 2-to-1 multiplexer                             : 1
 7-bit 2-to-1 multiplexer                              : 4
 8-bit 2-to-1 multiplexer                              : 3
 8-bit 5-to-1 multiplexer                              : 1
 9-bit 2-to-1 multiplexer                              : 1
# Tristates                                            : 6
 1-bit tristate buffer                                 : 6
# FSMs                                                 : 1
# Xors                                                 : 124
 1-bit xor2                                            : 124

=========================================================================

=========================================================================
*                       Advanced HDL Synthesis                          *
=========================================================================

WARNING:Xst:1290 - Hierarchical block <serial_rx> is unconnected in block <avr_interface>.
   It will be removed from the design.
INFO:Xst:2261 - The FF/Latch <start_valid_sync_11> in Unit <lighthouse> is equivalent to the following FF/Latch, which will be removed : <t_sweep_start_11> 
INFO:Xst:2261 - The FF/Latch <start_valid_sync_12> in Unit <lighthouse> is equivalent to the following FF/Latch, which will be removed : <t_sweep_start_12> 
INFO:Xst:2261 - The FF/Latch <start_valid_sync_13> in Unit <lighthouse> is equivalent to the following FF/Latch, which will be removed : <t_sweep_start_13> 
INFO:Xst:2261 - The FF/Latch <start_valid_sync_14> in Unit <lighthouse> is equivalent to the following FF/Latch, which will be removed : <t_sweep_start_14> 
INFO:Xst:2261 - The FF/Latch <start_valid_sync_15> in Unit <lighthouse> is equivalent to the following FF/Latch, which will be removed : <t_sweep_start_15> 
INFO:Xst:2261 - The FF/Latch <start_valid_sync_20> in Unit <lighthouse> is equivalent to the following FF/Latch, which will be removed : <t_sweep_start_20> 
INFO:Xst:2261 - The FF/Latch <start_valid_sync_16> in Unit <lighthouse> is equivalent to the following FF/Latch, which will be removed : <t_sweep_start_16> 
INFO:Xst:2261 - The FF/Latch <start_valid_sync_21> in Unit <lighthouse> is equivalent to the following FF/Latch, which will be removed : <t_sweep_start_21> 
INFO:Xst:2261 - The FF/Latch <start_valid_sync_17> in Unit <lighthouse> is equivalent to the following FF/Latch, which will be removed : <t_sweep_start_17> 
INFO:Xst:2261 - The FF/Latch <start_valid_sync_22> in Unit <lighthouse> is equivalent to the following FF/Latch, which will be removed : <t_sweep_start_22> 
INFO:Xst:2261 - The FF/Latch <start_valid_sync_18> in Unit <lighthouse> is equivalent to the following FF/Latch, which will be removed : <t_sweep_start_18> 
INFO:Xst:2261 - The FF/Latch <start_valid_sync_23> in Unit <lighthouse> is equivalent to the following FF/Latch, which will be removed : <t_sweep_start_23> 
INFO:Xst:2261 - The FF/Latch <start_valid_sync_19> in Unit <lighthouse> is equivalent to the following FF/Latch, which will be removed : <t_sweep_start_19> 
INFO:Xst:2261 - The FF/Latch <start_valid_sync_24> in Unit <lighthouse> is equivalent to the following FF/Latch, which will be removed : <t_sweep_start_24> 
INFO:Xst:2261 - The FF/Latch <start_valid_sync_25> in Unit <lighthouse> is equivalent to the following FF/Latch, which will be removed : <t_sweep_start_25> 
INFO:Xst:2261 - The FF/Latch <start_valid_sync_30> in Unit <lighthouse> is equivalent to the following FF/Latch, which will be removed : <t_sweep_start_30> 
INFO:Xst:2261 - The FF/Latch <start_valid_sync_26> in Unit <lighthouse> is equivalent to the following FF/Latch, which will be removed : <t_sweep_start_26> 
INFO:Xst:2261 - The FF/Latch <start_valid_sync_31> in Unit <lighthouse> is equivalent to the following FF/Latch, which will be removed : <t_sweep_start_31> 
INFO:Xst:2261 - The FF/Latch <start_valid_sync_27> in Unit <lighthouse> is equivalent to the following FF/Latch, which will be removed : <t_sweep_start_27> 
INFO:Xst:2261 - The FF/Latch <start_valid_sync_28> in Unit <lighthouse> is equivalent to the following FF/Latch, which will be removed : <t_sweep_start_28> 
INFO:Xst:2261 - The FF/Latch <start_valid_sync_29> in Unit <lighthouse> is equivalent to the following FF/Latch, which will be removed : <t_sweep_start_29> 
INFO:Xst:2261 - The FF/Latch <start_valid_sync_0> in Unit <lighthouse> is equivalent to the following FF/Latch, which will be removed : <t_sweep_start_0> 
INFO:Xst:2261 - The FF/Latch <start_valid_sync_1> in Unit <lighthouse> is equivalent to the following FF/Latch, which will be removed : <t_sweep_start_1> 
INFO:Xst:2261 - The FF/Latch <start_valid_sync_2> in Unit <lighthouse> is equivalent to the following FF/Latch, which will be removed : <t_sweep_start_2> 
INFO:Xst:2261 - The FF/Latch <start_valid_sync_3> in Unit <lighthouse> is equivalent to the following FF/Latch, which will be removed : <t_sweep_start_3> 
INFO:Xst:2261 - The FF/Latch <start_valid_sync_4> in Unit <lighthouse> is equivalent to the following FF/Latch, which will be removed : <t_sweep_start_4> 
INFO:Xst:2261 - The FF/Latch <start_valid_sync_5> in Unit <lighthouse> is equivalent to the following FF/Latch, which will be removed : <t_sweep_start_5> 
INFO:Xst:2261 - The FF/Latch <start_valid_sync_6> in Unit <lighthouse> is equivalent to the following FF/Latch, which will be removed : <t_sweep_start_6> 
INFO:Xst:2261 - The FF/Latch <start_valid_sync_7> in Unit <lighthouse> is equivalent to the following FF/Latch, which will be removed : <t_sweep_start_7> 
INFO:Xst:2261 - The FF/Latch <start_valid_sync_8> in Unit <lighthouse> is equivalent to the following FF/Latch, which will be removed : <t_sweep_start_8> 
INFO:Xst:2261 - The FF/Latch <start_valid_sync_9> in Unit <lighthouse> is equivalent to the following FF/Latch, which will be removed : <t_sweep_start_9> 
INFO:Xst:2261 - The FF/Latch <start_valid_sync_10> in Unit <lighthouse> is equivalent to the following FF/Latch, which will be removed : <t_sweep_start_10> 
WARNING:Xst:1710 - FF/Latch <temp_11> (without init value) has a constant value of 0 in block <mojo_top>. This FF/Latch will be trimmed during the optimization process.
WARNING:Xst:1710 - FF/Latch <temp_8> (without init value) has a constant value of 0 in block <mojo_top>. This FF/Latch will be trimmed during the optimization process.
WARNING:Xst:1710 - FF/Latch <temp_7> (without init value) has a constant value of 0 in block <mojo_top>. This FF/Latch will be trimmed during the optimization process.
WARNING:Xst:1710 - FF/Latch <temp_6> (without init value) has a constant value of 0 in block <mojo_top>. This FF/Latch will be trimmed during the optimization process.
WARNING:Xst:1710 - FF/Latch <temp_5> (without init value) has a constant value of 0 in block <mojo_top>. This FF/Latch will be trimmed during the optimization process.
WARNING:Xst:1710 - FF/Latch <temp_4> (without init value) has a constant value of 0 in block <mojo_top>. This FF/Latch will be trimmed during the optimization process.
WARNING:Xst:1710 - FF/Latch <temp_3> (without init value) has a constant value of 0 in block <mojo_top>. This FF/Latch will be trimmed during the optimization process.
WARNING:Xst:1710 - FF/Latch <temp_2> (without init value) has a constant value of 0 in block <mojo_top>. This FF/Latch will be trimmed during the optimization process.
WARNING:Xst:1710 - FF/Latch <temp_1> (without init value) has a constant value of 0 in block <mojo_top>. This FF/Latch will be trimmed during the optimization process.
WARNING:Xst:1710 - FF/Latch <temp_0> (without init value) has a constant value of 0 in block <mojo_top>. This FF/Latch will be trimmed during the optimization process.
WARNING:Xst:1710 - FF/Latch <sensor_value_11> (without init value) has a constant value of 0 in block <lighthouse>. This FF/Latch will be trimmed during the optimization process.
WARNING:Xst:1710 - FF/Latch <temp_sensor_value_7> (without init value) has a constant value of 0 in block <lighthouse>. This FF/Latch will be trimmed during the optimization process.
WARNING:Xst:1710 - FF/Latch <temp_sensor_value_8> (without init value) has a constant value of 0 in block <lighthouse>. This FF/Latch will be trimmed during the optimization process.
WARNING:Xst:1710 - FF/Latch <temp_sensor_value_4> (without init value) has a constant value of 0 in block <lighthouse>. This FF/Latch will be trimmed during the optimization process.
WARNING:Xst:1710 - FF/Latch <temp_sensor_value_6> (without init value) has a constant value of 0 in block <lighthouse>. This FF/Latch will be trimmed during the optimization process.
WARNING:Xst:1710 - FF/Latch <temp_sensor_value_5> (without init value) has a constant value of 0 in block <lighthouse>. This FF/Latch will be trimmed during the optimization process.
WARNING:Xst:1710 - FF/Latch <temp_sensor_value_1> (without init value) has a constant value of 0 in block <lighthouse>. This FF/Latch will be trimmed during the optimization process.
WARNING:Xst:1710 - FF/Latch <temp_sensor_value_3> (without init value) has a constant value of 0 in block <lighthouse>. This FF/Latch will be trimmed during the optimization process.
WARNING:Xst:1710 - FF/Latch <temp_sensor_value_2> (without init value) has a constant value of 0 in block <lighthouse>. This FF/Latch will be trimmed during the optimization process.
WARNING:Xst:1710 - FF/Latch <temp_sensor_value_0> (without init value) has a constant value of 0 in block <lighthouse>. This FF/Latch will be trimmed during the optimization process.
WARNING:Xst:1895 - Due to other FF/Latch trimming, FF/Latch <sensor_value_0> (without init value) has a constant value of 0 in block <lighthouse>. This FF/Latch will be trimmed during the optimization process.
WARNING:Xst:1895 - Due to other FF/Latch trimming, FF/Latch <sensor_value_1> (without init value) has a constant value of 0 in block <lighthouse>. This FF/Latch will be trimmed during the optimization process.
WARNING:Xst:1895 - Due to other FF/Latch trimming, FF/Latch <sensor_value_8> (without init value) has a constant value of 0 in block <lighthouse>. This FF/Latch will be trimmed during the optimization process.
WARNING:Xst:1895 - Due to other FF/Latch trimming, FF/Latch <sensor_value_7> (without init value) has a constant value of 0 in block <lighthouse>. This FF/Latch will be trimmed during the optimization process.
WARNING:Xst:1895 - Due to other FF/Latch trimming, FF/Latch <sensor_value_6> (without init value) has a constant value of 0 in block <lighthouse>. This FF/Latch will be trimmed during the optimization process.
WARNING:Xst:1895 - Due to other FF/Latch trimming, FF/Latch <sensor_value_5> (without init value) has a constant value of 0 in block <lighthouse>. This FF/Latch will be trimmed during the optimization process.
WARNING:Xst:1895 - Due to other FF/Latch trimming, FF/Latch <sensor_value_4> (without init value) has a constant value of 0 in block <lighthouse>. This FF/Latch will be trimmed during the optimization process.
WARNING:Xst:1895 - Due to other FF/Latch trimming, FF/Latch <sensor_value_3> (without init value) has a constant value of 0 in block <lighthouse>. This FF/Latch will be trimmed during the optimization process.
WARNING:Xst:1895 - Due to other FF/Latch trimming, FF/Latch <sensor_value_2> (without init value) has a constant value of 0 in block <lighthouse>. This FF/Latch will be trimmed during the optimization process.

Synthesizing (advanced) Unit <RS232>.
The following registers are absorbed into counter <txbitcnt>: 1 register on signal <txbitcnt>.
The following registers are absorbed into counter <rxbitcnt>: 1 register on signal <rxbitcnt>.
The following registers are absorbed into counter <txcnt>: 1 register on signal <txcnt>.
The following registers are absorbed into counter <rxcnt>: 1 register on signal <rxcnt>.
Unit <RS232> synthesized (advanced).

Synthesizing (advanced) Unit <cclk_detector>.
The following registers are absorbed into counter <ctr_q>: 1 register on signal <ctr_q>.
Unit <cclk_detector> synthesized (advanced).

Synthesizing (advanced) Unit <counter>.
The following registers are absorbed into counter <temp>: 1 register on signal <temp>.
Unit <counter> synthesized (advanced).

Synthesizing (advanced) Unit <mojo_top>.
The following registers are absorbed into counter <uart_counter>: 1 register on signal <uart_counter>.
Unit <mojo_top> synthesized (advanced).

Synthesizing (advanced) Unit <serial_rx>.
The following registers are absorbed into counter <bit_ctr_q>: 1 register on signal <bit_ctr_q>.
Unit <serial_rx> synthesized (advanced).

Synthesizing (advanced) Unit <spi_slave>.
The following registers are absorbed into counter <bit_ct_q>: 1 register on signal <bit_ct_q>.
Unit <spi_slave> synthesized (advanced).

=========================================================================
Advanced HDL Synthesis Report

Macro Statistics
# Adders/Subtractors                                   : 13
 32-bit adder                                          : 4
 32-bit subtractor                                     : 8
 7-bit adder                                           : 1
# Counters                                             : 10
 3-bit up counter                                      : 3
 32-bit up counter                                     : 2
 4-bit up counter                                      : 2
 8-bit up counter                                      : 2
 9-bit up counter                                      : 1
# Registers                                            : 324
 Flip-Flops                                            : 324
# Comparators                                          : 16
 3-bit comparator greater                              : 1
 32-bit comparator greater                             : 10
 32-bit comparator lessequal                           : 1
 4-bit comparator greater                              : 2
 8-bit comparator greater                              : 2
# Multiplexers                                         : 15
 1-bit 2-to-1 multiplexer                              : 6
 10-bit 2-to-1 multiplexer                             : 2
 32-bit 2-to-1 multiplexer                             : 1
 7-bit 2-to-1 multiplexer                              : 4
 8-bit 2-to-1 multiplexer                              : 1
 8-bit 5-to-1 multiplexer                              : 1
# FSMs                                                 : 1
# Xors                                                 : 124
 1-bit xor2                                            : 124

=========================================================================

=========================================================================
*                         Low Level Synthesis                           *
=========================================================================
WARNING:Xst:1710 - FF/Latch <sensor_value_11> (without init value) has a constant value of 0 in block <lighthouse>. This FF/Latch will be trimmed during the optimization process.
WARNING:Xst:1895 - Due to other FF/Latch trimming, FF/Latch <temp_sensor_value_0> (without init value) has a constant value of 0 in block <lighthouse>. This FF/Latch will be trimmed during the optimization process.
WARNING:Xst:1895 - Due to other FF/Latch trimming, FF/Latch <temp_sensor_value_2> (without init value) has a constant value of 0 in block <lighthouse>. This FF/Latch will be trimmed during the optimization process.
WARNING:Xst:1895 - Due to other FF/Latch trimming, FF/Latch <temp_sensor_value_3> (without init value) has a constant value of 0 in block <lighthouse>. This FF/Latch will be trimmed during the optimization process.
WARNING:Xst:1895 - Due to other FF/Latch trimming, FF/Latch <temp_sensor_value_1> (without init value) has a constant value of 0 in block <lighthouse>. This FF/Latch will be trimmed during the optimization process.
WARNING:Xst:1895 - Due to other FF/Latch trimming, FF/Latch <temp_sensor_value_5> (without init value) has a constant value of 0 in block <lighthouse>. This FF/Latch will be trimmed during the optimization process.
WARNING:Xst:1895 - Due to other FF/Latch trimming, FF/Latch <temp_sensor_value_6> (without init value) has a constant value of 0 in block <lighthouse>. This FF/Latch will be trimmed during the optimization process.
WARNING:Xst:1895 - Due to other FF/Latch trimming, FF/Latch <temp_sensor_value_4> (without init value) has a constant value of 0 in block <lighthouse>. This FF/Latch will be trimmed during the optimization process.
WARNING:Xst:1895 - Due to other FF/Latch trimming, FF/Latch <temp_sensor_value_8> (without init value) has a constant value of 0 in block <lighthouse>. This FF/Latch will be trimmed during the optimization process.
WARNING:Xst:1895 - Due to other FF/Latch trimming, FF/Latch <temp_sensor_value_7> (without init value) has a constant value of 0 in block <lighthouse>. This FF/Latch will be trimmed during the optimization process.
WARNING:Xst:1895 - Due to other FF/Latch trimming, FF/Latch <sensor_value_0> (without init value) has a constant value of 0 in block <lighthouse>. This FF/Latch will be trimmed during the optimization process.
WARNING:Xst:1895 - Due to other FF/Latch trimming, FF/Latch <sensor_value_1> (without init value) has a constant value of 0 in block <lighthouse>. This FF/Latch will be trimmed during the optimization process.
WARNING:Xst:1895 - Due to other FF/Latch trimming, FF/Latch <sensor_value_2> (without init value) has a constant value of 0 in block <lighthouse>. This FF/Latch will be trimmed during the optimization process.
WARNING:Xst:1895 - Due to other FF/Latch trimming, FF/Latch <sensor_value_3> (without init value) has a constant value of 0 in block <lighthouse>. This FF/Latch will be trimmed during the optimization process.
WARNING:Xst:1895 - Due to other FF/Latch trimming, FF/Latch <sensor_value_4> (without init value) has a constant value of 0 in block <lighthouse>. This FF/Latch will be trimmed during the optimization process.
WARNING:Xst:1895 - Due to other FF/Latch trimming, FF/Latch <sensor_value_5> (without init value) has a constant value of 0 in block <lighthouse>. This FF/Latch will be trimmed during the optimization process.
WARNING:Xst:1895 - Due to other FF/Latch trimming, FF/Latch <sensor_value_6> (without init value) has a constant value of 0 in block <lighthouse>. This FF/Latch will be trimmed during the optimization process.
WARNING:Xst:1895 - Due to other FF/Latch trimming, FF/Latch <sensor_value_7> (without init value) has a constant value of 0 in block <lighthouse>. This FF/Latch will be trimmed during the optimization process.
WARNING:Xst:1895 - Due to other FF/Latch trimming, FF/Latch <sensor_value_8> (without init value) has a constant value of 0 in block <lighthouse>. This FF/Latch will be trimmed during the optimization process.
INFO:Xst:2261 - The FF/Latch <start_valid_sync_11> in Unit <lighthouse> is equivalent to the following FF/Latch, which will be removed : <t_sweep_start_11> 
INFO:Xst:2261 - The FF/Latch <start_valid_sync_12> in Unit <lighthouse> is equivalent to the following FF/Latch, which will be removed : <t_sweep_start_12> 
INFO:Xst:2261 - The FF/Latch <start_valid_sync_13> in Unit <lighthouse> is equivalent to the following FF/Latch, which will be removed : <t_sweep_start_13> 
INFO:Xst:2261 - The FF/Latch <start_valid_sync_14> in Unit <lighthouse> is equivalent to the following FF/Latch, which will be removed : <t_sweep_start_14> 
INFO:Xst:2261 - The FF/Latch <start_valid_sync_15> in Unit <lighthouse> is equivalent to the following FF/Latch, which will be removed : <t_sweep_start_15> 
INFO:Xst:2261 - The FF/Latch <start_valid_sync_20> in Unit <lighthouse> is equivalent to the following FF/Latch, which will be removed : <t_sweep_start_20> 
INFO:Xst:2261 - The FF/Latch <start_valid_sync_16> in Unit <lighthouse> is equivalent to the following FF/Latch, which will be removed : <t_sweep_start_16> 
INFO:Xst:2261 - The FF/Latch <start_valid_sync_21> in Unit <lighthouse> is equivalent to the following FF/Latch, which will be removed : <t_sweep_start_21> 
INFO:Xst:2261 - The FF/Latch <start_valid_sync_17> in Unit <lighthouse> is equivalent to the following FF/Latch, which will be removed : <t_sweep_start_17> 
INFO:Xst:2261 - The FF/Latch <start_valid_sync_22> in Unit <lighthouse> is equivalent to the following FF/Latch, which will be removed : <t_sweep_start_22> 
INFO:Xst:2261 - The FF/Latch <start_valid_sync_18> in Unit <lighthouse> is equivalent to the following FF/Latch, which will be removed : <t_sweep_start_18> 
INFO:Xst:2261 - The FF/Latch <start_valid_sync_23> in Unit <lighthouse> is equivalent to the following FF/Latch, which will be removed : <t_sweep_start_23> 
INFO:Xst:2261 - The FF/Latch <start_valid_sync_19> in Unit <lighthouse> is equivalent to the following FF/Latch, which will be removed : <t_sweep_start_19> 
INFO:Xst:2261 - The FF/Latch <start_valid_sync_24> in Unit <lighthouse> is equivalent to the following FF/Latch, which will be removed : <t_sweep_start_24> 
INFO:Xst:2261 - The FF/Latch <start_valid_sync_25> in Unit <lighthouse> is equivalent to the following FF/Latch, which will be removed : <t_sweep_start_25> 
INFO:Xst:2261 - The FF/Latch <start_valid_sync_30> in Unit <lighthouse> is equivalent to the following FF/Latch, which will be removed : <t_sweep_start_30> 
INFO:Xst:2261 - The FF/Latch <start_valid_sync_26> in Unit <lighthouse> is equivalent to the following FF/Latch, which will be removed : <t_sweep_start_26> 
INFO:Xst:2261 - The FF/Latch <start_valid_sync_31> in Unit <lighthouse> is equivalent to the following FF/Latch, which will be removed : <t_sweep_start_31> 
INFO:Xst:2261 - The FF/Latch <start_valid_sync_27> in Unit <lighthouse> is equivalent to the following FF/Latch, which will be removed : <t_sweep_start_27> 
INFO:Xst:2261 - The FF/Latch <start_valid_sync_28> in Unit <lighthouse> is equivalent to the following FF/Latch, which will be removed : <t_sweep_start_28> 
INFO:Xst:2261 - The FF/Latch <start_valid_sync_29> in Unit <lighthouse> is equivalent to the following FF/Latch, which will be removed : <t_sweep_start_29> 
INFO:Xst:2261 - The FF/Latch <start_valid_sync_0> in Unit <lighthouse> is equivalent to the following FF/Latch, which will be removed : <t_sweep_start_0> 
INFO:Xst:2261 - The FF/Latch <start_valid_sync_1> in Unit <lighthouse> is equivalent to the following FF/Latch, which will be removed : <t_sweep_start_1> 
INFO:Xst:2261 - The FF/Latch <start_valid_sync_2> in Unit <lighthouse> is equivalent to the following FF/Latch, which will be removed : <t_sweep_start_2> 
INFO:Xst:2261 - The FF/Latch <start_valid_sync_3> in Unit <lighthouse> is equivalent to the following FF/Latch, which will be removed : <t_sweep_start_3> 
INFO:Xst:2261 - The FF/Latch <start_valid_sync_4> in Unit <lighthouse> is equivalent to the following FF/Latch, which will be removed : <t_sweep_start_4> 
INFO:Xst:2261 - The FF/Latch <start_valid_sync_5> in Unit <lighthouse> is equivalent to the following FF/Latch, which will be removed : <t_sweep_start_5> 
INFO:Xst:2261 - The FF/Latch <start_valid_sync_6> in Unit <lighthouse> is equivalent to the following FF/Latch, which will be removed : <t_sweep_start_6> 
INFO:Xst:2261 - The FF/Latch <start_valid_sync_7> in Unit <lighthouse> is equivalent to the following FF/Latch, which will be removed : <t_sweep_start_7> 
INFO:Xst:2261 - The FF/Latch <start_valid_sync_8> in Unit <lighthouse> is equivalent to the following FF/Latch, which will be removed : <t_sweep_start_8> 
INFO:Xst:2261 - The FF/Latch <start_valid_sync_9> in Unit <lighthouse> is equivalent to the following FF/Latch, which will be removed : <t_sweep_start_9> 
INFO:Xst:2261 - The FF/Latch <start_valid_sync_10> in Unit <lighthouse> is equivalent to the following FF/Latch, which will be removed : <t_sweep_start_10> 
Analyzing FSM <MFsm> for best encoding.
Optimizing FSM <avr_interface/serial_rx/FSM_0> on signal <state_q[1:2]> with gray encoding.
-----------------------
 State     | Encoding
-----------------------
 idle      | 00
 wait_half | 01
 wait_full | 11
 wait_high | 10
-----------------------
WARNING:Xst:1293 - FF/Latch <txsr_9> has a constant value of 1 in block <RS232>. This FF/Latch will be trimmed during the optimization process.
WARNING:Xst:2677 - Node <sweep_counter/temp_8> of sequential type is unconnected in block <mojo_top>.
WARNING:Xst:2677 - Node <sweep_counter/temp_9> of sequential type is unconnected in block <mojo_top>.
WARNING:Xst:2677 - Node <sweep_counter/temp_10> of sequential type is unconnected in block <mojo_top>.
WARNING:Xst:2677 - Node <sweep_counter/temp_11> of sequential type is unconnected in block <mojo_top>.
WARNING:Xst:2677 - Node <sweep_counter/temp_12> of sequential type is unconnected in block <mojo_top>.
WARNING:Xst:2677 - Node <sweep_counter/temp_13> of sequential type is unconnected in block <mojo_top>.
WARNING:Xst:2677 - Node <sweep_counter/temp_14> of sequential type is unconnected in block <mojo_top>.
WARNING:Xst:2677 - Node <sweep_counter/temp_15> of sequential type is unconnected in block <mojo_top>.
WARNING:Xst:2677 - Node <sweep_counter/temp_16> of sequential type is unconnected in block <mojo_top>.
WARNING:Xst:2677 - Node <sweep_counter/temp_17> of sequential type is unconnected in block <mojo_top>.
WARNING:Xst:2677 - Node <sweep_counter/temp_18> of sequential type is unconnected in block <mojo_top>.
WARNING:Xst:2677 - Node <sweep_counter/temp_19> of sequential type is unconnected in block <mojo_top>.
WARNING:Xst:2677 - Node <sweep_counter/temp_20> of sequential type is unconnected in block <mojo_top>.
WARNING:Xst:2677 - Node <sweep_counter/temp_21> of sequential type is unconnected in block <mojo_top>.
WARNING:Xst:2677 - Node <sweep_counter/temp_22> of sequential type is unconnected in block <mojo_top>.
WARNING:Xst:2677 - Node <sweep_counter/temp_23> of sequential type is unconnected in block <mojo_top>.
WARNING:Xst:2677 - Node <sweep_counter/temp_24> of sequential type is unconnected in block <mojo_top>.
WARNING:Xst:2677 - Node <sweep_counter/temp_25> of sequential type is unconnected in block <mojo_top>.
WARNING:Xst:2677 - Node <sweep_counter/temp_26> of sequential type is unconnected in block <mojo_top>.
WARNING:Xst:2677 - Node <sweep_counter/temp_27> of sequential type is unconnected in block <mojo_top>.
WARNING:Xst:2677 - Node <sweep_counter/temp_28> of sequential type is unconnected in block <mojo_top>.
WARNING:Xst:2677 - Node <sweep_counter/temp_29> of sequential type is unconnected in block <mojo_top>.
WARNING:Xst:2677 - Node <sweep_counter/temp_30> of sequential type is unconnected in block <mojo_top>.
WARNING:Xst:2677 - Node <sweep_counter/temp_31> of sequential type is unconnected in block <mojo_top>.
WARNING:Xst:2677 - Node <avr_interface/serial_tx/block_q> of sequential type is unconnected in block <mojo_top>.
WARNING:Xst:2677 - Node <avr_interface/sample_q_9> of sequential type is unconnected in block <mojo_top>.
WARNING:Xst:2677 - Node <avr_interface/sample_q_8> of sequential type is unconnected in block <mojo_top>.
WARNING:Xst:2677 - Node <avr_interface/sample_q_7> of sequential type is unconnected in block <mojo_top>.
WARNING:Xst:2677 - Node <avr_interface/sample_q_6> of sequential type is unconnected in block <mojo_top>.
WARNING:Xst:2677 - Node <avr_interface/sample_q_5> of sequential type is unconnected in block <mojo_top>.
WARNING:Xst:2677 - Node <avr_interface/sample_q_4> of sequential type is unconnected in block <mojo_top>.
WARNING:Xst:2677 - Node <avr_interface/sample_q_3> of sequential type is unconnected in block <mojo_top>.
WARNING:Xst:2677 - Node <avr_interface/sample_q_2> of sequential type is unconnected in block <mojo_top>.
WARNING:Xst:2677 - Node <avr_interface/sample_q_1> of sequential type is unconnected in block <mojo_top>.
WARNING:Xst:2677 - Node <avr_interface/sample_q_0> of sequential type is unconnected in block <mojo_top>.
WARNING:Xst:2677 - Node <avr_interface/sample_channel_q_3> of sequential type is unconnected in block <mojo_top>.
WARNING:Xst:2677 - Node <avr_interface/sample_channel_q_2> of sequential type is unconnected in block <mojo_top>.
WARNING:Xst:2677 - Node <avr_interface/sample_channel_q_1> of sequential type is unconnected in block <mojo_top>.
WARNING:Xst:2677 - Node <avr_interface/sample_channel_q_0> of sequential type is unconnected in block <mojo_top>.
WARNING:Xst:2677 - Node <avr_interface/byte_ct_q> of sequential type is unconnected in block <mojo_top>.
WARNING:Xst:2677 - Node <avr_interface/new_sample_q> of sequential type is unconnected in block <mojo_top>.
WARNING:Xst:2973 - All outputs of instance <avr_interface/serial_rx> of block <serial_rx> are unconnected in block <mojo_top>. Underlying logic will be removed.

Optimizing unit <mojo_top> ...

Optimizing unit <spi_slave> ...

Optimizing unit <serial_rx> ...

Optimizing unit <RS232> ...

Optimizing unit <lighthouse> ...
WARNING:Xst:1710 - FF/Latch <temp_0> (without init value) has a constant value of 0 in block <mojo_top>. This FF/Latch will be trimmed during the optimization process.
WARNING:Xst:1710 - FF/Latch <temp_1> (without init value) has a constant value of 0 in block <mojo_top>. This FF/Latch will be trimmed during the optimization process.
WARNING:Xst:1710 - FF/Latch <temp_2> (without init value) has a constant value of 0 in block <mojo_top>. This FF/Latch will be trimmed during the optimization process.
WARNING:Xst:1710 - FF/Latch <temp_3> (without init value) has a constant value of 0 in block <mojo_top>. This FF/Latch will be trimmed during the optimization process.
WARNING:Xst:1710 - FF/Latch <temp_4> (without init value) has a constant value of 0 in block <mojo_top>. This FF/Latch will be trimmed during the optimization process.
WARNING:Xst:1710 - FF/Latch <temp_5> (without init value) has a constant value of 0 in block <mojo_top>. This FF/Latch will be trimmed during the optimization process.
WARNING:Xst:1710 - FF/Latch <temp_6> (without init value) has a constant value of 0 in block <mojo_top>. This FF/Latch will be trimmed during the optimization process.
WARNING:Xst:1710 - FF/Latch <temp_7> (without init value) has a constant value of 0 in block <mojo_top>. This FF/Latch will be trimmed during the optimization process.
WARNING:Xst:1710 - FF/Latch <temp_8> (without init value) has a constant value of 0 in block <mojo_top>. This FF/Latch will be trimmed during the optimization process.
WARNING:Xst:1710 - FF/Latch <temp_11> (without init value) has a constant value of 0 in block <mojo_top>. This FF/Latch will be trimmed during the optimization process.
WARNING:Xst:2677 - Node <avr_interface/spi_slave/dout_q_7> of sequential type is unconnected in block <mojo_top>.
WARNING:Xst:2677 - Node <avr_interface/spi_slave/dout_q_6> of sequential type is unconnected in block <mojo_top>.
WARNING:Xst:2677 - Node <avr_interface/spi_slave/dout_q_5> of sequential type is unconnected in block <mojo_top>.
WARNING:Xst:2677 - Node <avr_interface/spi_slave/dout_q_4> of sequential type is unconnected in block <mojo_top>.
WARNING:Xst:2677 - Node <avr_interface/spi_slave/dout_q_3> of sequential type is unconnected in block <mojo_top>.
WARNING:Xst:2677 - Node <avr_interface/spi_slave/dout_q_2> of sequential type is unconnected in block <mojo_top>.
WARNING:Xst:2677 - Node <avr_interface/spi_slave/dout_q_1> of sequential type is unconnected in block <mojo_top>.
WARNING:Xst:2677 - Node <avr_interface/spi_slave/dout_q_0> of sequential type is unconnected in block <mojo_top>.
WARNING:Xst:2677 - Node <avr_interface/spi_slave/done_q> of sequential type is unconnected in block <mojo_top>.
WARNING:Xst:2677 - Node <uart/rxbitcnt_3> of sequential type is unconnected in block <mojo_top>.
WARNING:Xst:2677 - Node <uart/rxbitcnt_2> of sequential type is unconnected in block <mojo_top>.
WARNING:Xst:2677 - Node <uart/rxbitcnt_1> of sequential type is unconnected in block <mojo_top>.
WARNING:Xst:2677 - Node <uart/rxbitcnt_0> of sequential type is unconnected in block <mojo_top>.
WARNING:Xst:2677 - Node <uart/rxcnt_7> of sequential type is unconnected in block <mojo_top>.
WARNING:Xst:2677 - Node <uart/rxcnt_6> of sequential type is unconnected in block <mojo_top>.
WARNING:Xst:2677 - Node <uart/rxcnt_5> of sequential type is unconnected in block <mojo_top>.
WARNING:Xst:2677 - Node <uart/rxcnt_4> of sequential type is unconnected in block <mojo_top>.
WARNING:Xst:2677 - Node <uart/rxcnt_3> of sequential type is unconnected in block <mojo_top>.
WARNING:Xst:2677 - Node <uart/rxcnt_2> of sequential type is unconnected in block <mojo_top>.
WARNING:Xst:2677 - Node <uart/rxcnt_1> of sequential type is unconnected in block <mojo_top>.
WARNING:Xst:2677 - Node <uart/rxcnt_0> of sequential type is unconnected in block <mojo_top>.
WARNING:Xst:2677 - Node <uart/rxsr_7> of sequential type is unconnected in block <mojo_top>.
WARNING:Xst:2677 - Node <uart/rxsr_6> of sequential type is unconnected in block <mojo_top>.
WARNING:Xst:2677 - Node <uart/rxsr_5> of sequential type is unconnected in block <mojo_top>.
WARNING:Xst:2677 - Node <uart/rxsr_4> of sequential type is unconnected in block <mojo_top>.
WARNING:Xst:2677 - Node <uart/rxsr_3> of sequential type is unconnected in block <mojo_top>.
WARNING:Xst:2677 - Node <uart/rxsr_2> of sequential type is unconnected in block <mojo_top>.
WARNING:Xst:2677 - Node <uart/rxsr_1> of sequential type is unconnected in block <mojo_top>.
WARNING:Xst:2677 - Node <uart/rxsr_0> of sequential type is unconnected in block <mojo_top>.
WARNING:Xst:2677 - Node <uart/rxd_sr_3> of sequential type is unconnected in block <mojo_top>.
WARNING:Xst:2677 - Node <uart/rxd_sr_2> of sequential type is unconnected in block <mojo_top>.
WARNING:Xst:2677 - Node <uart/rxd_sr_1> of sequential type is unconnected in block <mojo_top>.
WARNING:Xst:2677 - Node <uart/rxd_sr_0> of sequential type is unconnected in block <mojo_top>.
INFO:Xst:2261 - The FF/Latch <lighthouse/t_sweep_duration_0> in Unit <mojo_top> is equivalent to the following FF/Latch, which will be removed : <lighthouse/temp_sensor_value_13> 
INFO:Xst:2261 - The FF/Latch <lighthouse/t_sweep_duration_1> in Unit <mojo_top> is equivalent to the following FF/Latch, which will be removed : <lighthouse/temp_sensor_value_14> 
INFO:Xst:2261 - The FF/Latch <lighthouse/t_sweep_duration_2> in Unit <mojo_top> is equivalent to the following FF/Latch, which will be removed : <lighthouse/temp_sensor_value_15> 
INFO:Xst:2261 - The FF/Latch <lighthouse/t_sweep_duration_3> in Unit <mojo_top> is equivalent to the following FF/Latch, which will be removed : <lighthouse/temp_sensor_value_16> 
INFO:Xst:2261 - The FF/Latch <lighthouse/t_sweep_duration_4> in Unit <mojo_top> is equivalent to the following FF/Latch, which will be removed : <lighthouse/temp_sensor_value_17> 
INFO:Xst:2261 - The FF/Latch <lighthouse/t_sweep_duration_5> in Unit <mojo_top> is equivalent to the following FF/Latch, which will be removed : <lighthouse/temp_sensor_value_18> 
INFO:Xst:2261 - The FF/Latch <lighthouse/t_sweep_duration_6> in Unit <mojo_top> is equivalent to the following FF/Latch, which will be removed : <lighthouse/temp_sensor_value_19> 
INFO:Xst:2261 - The FF/Latch <lighthouse/t_sweep_duration_7> in Unit <mojo_top> is equivalent to the following FF/Latch, which will be removed : <lighthouse/temp_sensor_value_20> 
INFO:Xst:2261 - The FF/Latch <lighthouse/t_sweep_duration_8> in Unit <mojo_top> is equivalent to the following FF/Latch, which will be removed : <lighthouse/temp_sensor_value_21> 
INFO:Xst:2261 - The FF/Latch <lighthouse/t_sweep_duration_9> in Unit <mojo_top> is equivalent to the following FF/Latch, which will be removed : <lighthouse/temp_sensor_value_22> 
INFO:Xst:2261 - The FF/Latch <lighthouse/t_sweep_duration_10> in Unit <mojo_top> is equivalent to the following FF/Latch, which will be removed : <lighthouse/temp_sensor_value_23> 
INFO:Xst:2261 - The FF/Latch <lighthouse/t_sweep_duration_11> in Unit <mojo_top> is equivalent to the following FF/Latch, which will be removed : <lighthouse/temp_sensor_value_24> 
INFO:Xst:2261 - The FF/Latch <lighthouse/t_sweep_duration_12> in Unit <mojo_top> is equivalent to the following FF/Latch, which will be removed : <lighthouse/temp_sensor_value_25> 
INFO:Xst:2261 - The FF/Latch <lighthouse/t_sweep_duration_13> in Unit <mojo_top> is equivalent to the following FF/Latch, which will be removed : <lighthouse/temp_sensor_value_26> 
INFO:Xst:2261 - The FF/Latch <lighthouse/t_sweep_duration_14> in Unit <mojo_top> is equivalent to the following FF/Latch, which will be removed : <lighthouse/temp_sensor_value_27> 
INFO:Xst:2261 - The FF/Latch <lighthouse/t_sweep_duration_15> in Unit <mojo_top> is equivalent to the following FF/Latch, which will be removed : <lighthouse/temp_sensor_value_28> 
INFO:Xst:2261 - The FF/Latch <lighthouse/t_sweep_duration_16> in Unit <mojo_top> is equivalent to the following FF/Latch, which will be removed : <lighthouse/temp_sensor_value_29> 
INFO:Xst:2261 - The FF/Latch <lighthouse/t_sweep_duration_17> in Unit <mojo_top> is equivalent to the following FF/Latch, which will be removed : <lighthouse/temp_sensor_value_30> 
INFO:Xst:2261 - The FF/Latch <lighthouse/t_sweep_duration_18> in Unit <mojo_top> is equivalent to the following FF/Latch, which will be removed : <lighthouse/temp_sensor_value_31> 

Mapping all equations...
Building and optimizing final netlist ...
Found area constraint ratio of 100 (+ 5) on block mojo_top, actual ratio is 14.

Final Macro Processing ...

=========================================================================
Final Register Report

Macro Statistics
# Registers                                            : 255
 Flip-Flops                                            : 255

=========================================================================

=========================================================================
*                           Partition Report                            *
=========================================================================

Partition Implementation Status
-------------------------------

  No Partitions were found in this design.

-------------------------------

=========================================================================
*                            Design Summary                             *
=========================================================================

Top Level Output File Name         : mojo_top.ngc

Primitive and Black Box Usage:
------------------------------
# BELS                             : 1533
#      GND                         : 1
#      INV                         : 110
#      LUT1                        : 67
#      LUT2                        : 238
#      LUT3                        : 78
#      LUT4                        : 38
#      LUT5                        : 101
#      LUT6                        : 44
#      MUXCY                       : 456
#      MUXF7                       : 3
#      VCC                         : 1
#      XORCY                       : 396
# FlipFlops/Latches                : 255
#      FD                          : 62
#      FDC                         : 1
#      FDCE                        : 12
#      FDE                         : 153
#      FDPE                        : 1
#      FDR                         : 5
#      FDRE                        : 13
#      FDSE                        : 8
# Clock Buffers                    : 3
#      BUFG                        : 3
# IO Buffers                       : 23
#      IBUF                        : 6
#      IBUFG                       : 1
#      OBUF                        : 10
#      OBUFT                       : 6
# DCMs                             : 1
#      DCM_SP                      : 1

Device utilization summary:
---------------------------

Selected Device : 6slx9tqg144-2 


Slice Logic Utilization: 
 Number of Slice Registers:             247  out of  11440     2%  
 Number of Slice LUTs:                  676  out of   5720    11%  
    Number used as Logic:               676  out of   5720    11%  

Slice Logic Distribution: 
 Number of LUT Flip Flop pairs used:    782
   Number with an unused Flip Flop:     535  out of    782    68%  
   Number with an unused LUT:           106  out of    782    13%  
   Number of fully used LUT-FF pairs:   141  out of    782    18%  
   Number of unique control sets:        23

IO Utilization: 
 Number of IOs:                          26
 Number of bonded IOBs:                  23  out of    102    22%  
    IOB Flip Flops/Latches:               8

Specific Feature Utilization:
 Number of BUFG/BUFGCTRLs:                3  out of     16    18%  

---------------------------
Partition Resource Summary:
---------------------------

  No Partitions were found in this design.

---------------------------


=========================================================================
Timing Report

NOTE: THESE TIMING NUMBERS ARE ONLY A SYNTHESIS ESTIMATE.
      FOR ACCURATE TIMING INFORMATION PLEASE REFER TO THE TRACE REPORT
      GENERATED AFTER PLACE-and-ROUTE.

Clock Information:
------------------
-----------------------------------+---------------------------+-------+
Clock Signal                       | Clock buffer(FF name)     | Load  |
-----------------------------------+---------------------------+-------+
clk                                | DCM_SP:CLKFX              | 199   |
lighthouse/sweep_detected          | NONE(sweep_counter/temp_0)| 8     |
clk                                | IBUFG+BUFG                | 48    |
-----------------------------------+---------------------------+-------+
INFO:Xst:2169 - HDL ADVISOR - Some clock signals were not automatically buffered by XST with BUFG/BUFR resources. Please use the buffer_type constraint in order to insert these buffers to the clock signals to help prevent skew problems.

Asynchronous Control Signals Information:
----------------------------------------
No asynchronous control signals found in this design

Timing Summary:
---------------
Speed Grade: -2

   Minimum period: 4.246ns (Maximum Frequency: 235.516MHz)
   Minimum input arrival time before clock: 5.308ns
   Maximum output required time after clock: 5.610ns
   Maximum combinational path delay: 5.901ns

Timing Details:
---------------
All values displayed in nanoseconds (ns)

=========================================================================
Timing constraint: Default period analysis for Clock 'clk'
  Clock period: 4.246ns (frequency: 235.516MHz)
  Total number of paths / destination ports: 9856697 / 452
-------------------------------------------------------------------------
Delay:               4.246ns (Levels of Logic = 2)
  Source:            uart/txcnt_7 (FF)
  Destination:       uart/txcnt_7 (FF)
  Source Clock:      clk rising
  Destination Clock: clk rising

  Data Path: uart/txcnt_7 to uart/txcnt_7
                                Gate     Net
    Cell:in->out      fanout   Delay   Delay  Logical Name (Net Name)
    ----------------------------------------  ------------
     FDRE:C->Q            20   0.525   1.286  uart/txcnt_7 (uart/txcnt_7)
     LUT4:I3->O            1   0.254   0.682  uart/txcnt[7]_PWR_26_o_LessThan_1_o_inv_inv1_SW5 (N18)
     LUT6:I5->O            8   0.254   0.943  uart/_n0090_inv1 (uart/_n0090_inv)
     FDRE:CE                   0.302          uart/txcnt_0
    ----------------------------------------
    Total                      4.246ns (1.335ns logic, 2.911ns route)
                                       (31.4% logic, 68.6% route)

=========================================================================
Timing constraint: Default period analysis for Clock 'lighthouse/sweep_detected'
  Clock period: 2.140ns (frequency: 467.399MHz)
  Total number of paths / destination ports: 36 / 8
-------------------------------------------------------------------------
Delay:               2.140ns (Levels of Logic = 9)
  Source:            sweep_counter/temp_0 (FF)
  Destination:       sweep_counter/temp_7 (FF)
  Source Clock:      lighthouse/sweep_detected rising
  Destination Clock: lighthouse/sweep_detected rising

  Data Path: sweep_counter/temp_0 to sweep_counter/temp_7
                                Gate     Net
    Cell:in->out      fanout   Delay   Delay  Logical Name (Net Name)
    ----------------------------------------  ------------
     FD:C->Q               2   0.525   0.725  sweep_counter/temp_0 (sweep_counter/temp_0)
     INV:I->O              1   0.255   0.000  sweep_counter/Mcount_temp_lut<0>_INV_0 (sweep_counter/Mcount_temp_lut<0>)
     MUXCY:S->O            1   0.215   0.000  sweep_counter/Mcount_temp_cy<0> (sweep_counter/Mcount_temp_cy<0>)
     MUXCY:CI->O           1   0.023   0.000  sweep_counter/Mcount_temp_cy<1> (sweep_counter/Mcount_temp_cy<1>)
     MUXCY:CI->O           1   0.023   0.000  sweep_counter/Mcount_temp_cy<2> (sweep_counter/Mcount_temp_cy<2>)
     MUXCY:CI->O           1   0.023   0.000  sweep_counter/Mcount_temp_cy<3> (sweep_counter/Mcount_temp_cy<3>)
     MUXCY:CI->O           1   0.023   0.000  sweep_counter/Mcount_temp_cy<4> (sweep_counter/Mcount_temp_cy<4>)
     MUXCY:CI->O           1   0.023   0.000  sweep_counter/Mcount_temp_cy<5> (sweep_counter/Mcount_temp_cy<5>)
     MUXCY:CI->O           0   0.023   0.000  sweep_counter/Mcount_temp_cy<6> (sweep_counter/Mcount_temp_cy<6>)
     XORCY:CI->O           1   0.206   0.000  sweep_counter/Mcount_temp_xor<7> (Result<7>1)
     FD:D                      0.074          sweep_counter/temp_7
    ----------------------------------------
    Total                      2.140ns (1.415ns logic, 0.725ns route)
                                       (66.1% logic, 33.9% route)

=========================================================================
Timing constraint: Default OFFSET IN BEFORE for Clock 'clk'
  Total number of paths / destination ports: 182 / 136
-------------------------------------------------------------------------
Offset:              5.308ns (Levels of Logic = 3)
  Source:            cclk (PAD)
  Destination:       avr_interface/cclk_detector/ctr_q_8 (FF)
  Destination Clock: clk rising

  Data Path: cclk to avr_interface/cclk_detector/ctr_q_8
                                Gate     Net
    Cell:in->out      fanout   Delay   Delay  Logical Name (Net Name)
    ----------------------------------------  ------------
     IBUF:I->O            11   1.328   1.469  cclk_IBUF (cclk_IBUF)
     LUT5:I0->O            2   0.254   0.726  avr_interface/cclk_detector/ready_d_SW0 (N01)
     LUT6:I5->O            9   0.254   0.975  avr_interface/cclk_detector/_n0018_inv (avr_interface/cclk_detector/_n0018_inv)
     FDCE:CE                   0.302          avr_interface/cclk_detector/ctr_q_0
    ----------------------------------------
    Total                      5.308ns (2.138ns logic, 3.170ns route)
                                       (40.3% logic, 59.7% route)

=========================================================================
Timing constraint: Default OFFSET OUT AFTER for Clock 'clk'
  Total number of paths / destination ports: 17 / 16
-------------------------------------------------------------------------
Offset:              5.610ns (Levels of Logic = 2)
  Source:            avr_interface/cclk_detector/ready_q (FF)
  Destination:       spi_channel<3> (PAD)
  Source Clock:      clk rising

  Data Path: avr_interface/cclk_detector/ready_q to spi_channel<3>
                                Gate     Net
    Cell:in->out      fanout   Delay   Delay  Logical Name (Net Name)
    ----------------------------------------  ------------
     FDC:C->Q              8   0.525   0.943  avr_interface/cclk_detector/ready_q (avr_interface/cclk_detector/ready_q)
     INV:I->O              9   0.255   0.975  avr_interface/n_rdy1_INV_0 (avr_interface/n_rdy)
     OBUFT:T->O                2.912          spi_channel_3_OBUFT (spi_channel<3>)
    ----------------------------------------
    Total                      5.610ns (3.692ns logic, 1.918ns route)
                                       (65.8% logic, 34.2% route)

=========================================================================
Timing constraint: Default path analysis
  Total number of paths / destination ports: 1 / 1
-------------------------------------------------------------------------
Delay:               5.901ns (Levels of Logic = 3)
  Source:            spi_ss (PAD)
  Destination:       spi_miso (PAD)

  Data Path: spi_ss to spi_miso
                                Gate     Net
    Cell:in->out      fanout   Delay   Delay  Logical Name (Net Name)
    ----------------------------------------  ------------
     IBUF:I->O             2   1.328   0.726  spi_ss_IBUF (spi_ss_IBUF)
     LUT2:I1->O            1   0.254   0.681  avr_interface/ready_spi_miso_en_m_AND_7_o_inv1 (avr_interface/ready_spi_miso_en_m_AND_7_o_inv)
     OBUFT:T->O                2.912          spi_miso_OBUFT (spi_miso)
    ----------------------------------------
    Total                      5.901ns (4.494ns logic, 1.407ns route)
                                       (76.2% logic, 23.8% route)

=========================================================================

Cross Clock Domains Report:
--------------------------

Clock to Setup on destination clock clk
-------------------------+---------+---------+---------+---------+
                         | Src:Rise| Src:Fall| Src:Rise| Src:Fall|
Source Clock             |Dest:Rise|Dest:Rise|Dest:Fall|Dest:Fall|
-------------------------+---------+---------+---------+---------+
clk                      |   11.496|         |         |         |
lighthouse/sweep_detected|    1.324|         |         |         |
-------------------------+---------+---------+---------+---------+

Clock to Setup on destination clock lighthouse/sweep_detected
-------------------------+---------+---------+---------+---------+
                         | Src:Rise| Src:Fall| Src:Rise| Src:Fall|
Source Clock             |Dest:Rise|Dest:Rise|Dest:Fall|Dest:Fall|
-------------------------+---------+---------+---------+---------+
lighthouse/sweep_detected|    2.140|         |         |         |
-------------------------+---------+---------+---------+---------+

=========================================================================


Total REAL time to Xst completion: 13.00 secs
Total CPU time to Xst completion: 13.52 secs
 
--> 


Total memory usage is 410224 kilobytes

Number of errors   :    0 (   0 filtered)
Number of warnings :  143 (   0 filtered)
Number of infos    :   92 (   0 filtered)

